// Jest Snapshot v1, https://goo.gl/fbAQLP

exports[`Counter component should correspond to its snapshot countrepart 1`] = `
<span>
   
  3
   
</span>
`;
